../Core/Src/main.c:62:9:Checksum	24	static
../Core/Src/main.c:69:6:Host_send_request	24	static
../Core/Src/main.c:86:6:Host_receive_response_set	16	static
../Core/Src/main.c:99:6:STM_received_from_PC	8	static
../Core/Src/main.c:123:6:HAL_UART_RxCpltCallback	16	static
../Core/Src/main.c:136:6:HAL_TIM_PeriodElapsedCallback	16	static
../Core/Src/main.c:161:5:main	16	static
../Core/Src/main.c:251:6:SystemClock_Config	72	static
../Core/Src/main.c:288:13:MX_TIM2_Init	32	static
../Core/Src/main.c:333:13:MX_USART1_UART_Init	8	static
../Core/Src/main.c:366:13:MX_USART2_UART_Init	8	static
../Core/Src/main.c:399:13:MX_GPIO_Init	40	static
../Core/Src/main.c:442:6:Error_Handler	4	static,ignoring_inline_asm
