../Core/Src/main.c:64:9:Checksum	24	static
../Core/Src/main.c:71:6:Host_send_request	24	static
../Core/Src/main.c:88:6:Host_receive_response_set	24	static
../Core/Src/main.c:101:6:Host_receive_response_read	24	static
../Core/Src/main.c:116:6:Send_to_hercules	760	static
../Core/Src/main.c:216:6:HAL_UART_RxCpltCallback	16	static
../Core/Src/main.c:229:6:HAL_TIM_PeriodElapsedCallback	16	static
../Core/Src/main.c:254:5:main	16	static
../Core/Src/main.c:350:6:SystemClock_Config	72	static
../Core/Src/main.c:387:13:MX_TIM2_Init	32	static
../Core/Src/main.c:432:13:MX_USART1_UART_Init	8	static
../Core/Src/main.c:465:13:MX_USART2_UART_Init	8	static
../Core/Src/main.c:498:13:MX_GPIO_Init	40	static
../Core/Src/main.c:541:6:Error_Handler	4	static,ignoring_inline_asm
